// Vitest Snapshot v1, https://vitest.dev/guide/snapshot.html

exports[`landingCopy > should maintain exact copy consistency 1`] = `
{
  "appScreenshot": {
    "headline": "Know What's Locked In â€” At a Glance",
    "subtitle": "Save hours every week coordinating your subcontractors.",
  },
  "beforeAfter": {
    "after": {
      "items": [
        "Subs already confirmed days ago",
        "Smart reminders sent automatically",
        "Backup sub already invited",
        "Far fewer calls each day",
        "Projects stay on schedule",
        "Happy clients",
      ],
      "title": "âœ… With BuildFlow",
    },
    "before": {
      "items": [
        ""You still good for Thursday?"",
        ""Did anyone remind the framer?"",
        ""He ghosted. Now what?"",
        "15+ calls a day",
        "Missed deadlines",
        "Stressed clients",
      ],
      "title": "ðŸ”´ The Old Way",
    },
    "headline": "Before vs. After BuildFlow",
  },
  "ctaSection": {
    "benefits": [
      "âœ… First access to the beta",
      "âœ… Lifetime discount",
      "âœ… Priority support",
    ],
    "cta": "ðŸ”’ Reserve Your Spot â€” $10",
    "description": "Lock in your spot for $10. You'll get:",
    "headline": "Get in Early. Stay Ahead. (Only 25 beta spots)",
    "trustText": "Refund anytime before launch. No risk.",
  },
  "faq": {
    "headline": "Frequently Asked Questions",
    "items": [
      {
        "answer": "Yesâ€”you'll install the BuildFlow app. Your subs won't. They'll get texts from you like they already do. It's seamless for them.",
        "question": "Do I need to install anything?",
      },
      {
        "answer": "You're added to the early access crew. When beta opens, you'll be first in line â€” and locked in at a discount.",
        "question": "What happens after I pay?",
      },
      {
        "answer": "It helps us prioritize builders who are serious about early access. If it's not a fit, you'll get your $10 back.",
        "question": "Why charge $10?",
      },
      {
        "answer": "No. They already get texts from youâ€”this just makes them more consistent and less likely to be forgotten.",
        "question": "Will this bother my subs?",
      },
    ],
  },
  "features": {
    "headline": "Built for Builders Who Actually Build",
    "items": [
      {
        "description": "No sub apps or training. They get your texts like alwaysâ€”now it's automated.",
        "title": "Text-Based Scheduling",
      },
      {
        "description": "48h and 24h reminders sent automatically.",
        "title": "Smart Reminders",
      },
      {
        "description": "Assign fallbacks. Switch to a backup with one tap when needed.",
        "title": "Backup Subs",
      },
      {
        "description": "Only affected trades get delay notificationsâ€”not everyone on the project.",
        "title": "Targeted Notifications",
      },
      {
        "description": "See who's confirmed, who's pending, and who's declined at a glance.",
        "title": "Real-Time Updates",
      },
      {
        "description": "Your subs already know how to text. No new apps, no learning curve.",
        "title": "Zero Training",
      },
    ],
  },
  "finalCta": {
    "cta": "ðŸ”’ Reserve Your Spot â€” $10",
    "description": "Join builders who want to get ahead.",
    "headline": "Ready to Stop Chasing Subs?",
  },
  "footer": {
    "bottom": "Â© 2024 BuildFlow. All rights reserved.",
    "buildflow": {
      "description": "Built by builders, for builders. Stop chasing subs. Start building.",
      "socialLinks": [
        {
          "ariaLabel": "Twitter",
          "href": "#",
          "label": "Twitter",
        },
        {
          "ariaLabel": "LinkedIn",
          "href": "#",
          "label": "LinkedIn",
        },
        {
          "ariaLabel": "Instagram",
          "href": "#",
          "label": "Instagram",
        },
      ],
      "title": "BuildFlow",
    },
    "legal": {
      "links": [
        {
          "href": "privacy.html",
          "label": "Privacy Policy",
        },
        {
          "href": "terms.html",
          "label": "Terms of Service",
        },
        {
          "href": "cookies.html",
          "label": "Cookie Policy",
        },
      ],
      "title": "Legal",
    },
    "product": {
      "links": [
        {
          "href": "#how-it-works",
          "label": "How it Works",
        },
        {
          "href": "#features",
          "label": "Features",
        },
        {
          "href": "#faq",
          "label": "FAQ",
        },
      ],
      "title": "Product",
    },
    "support": {
      "links": [
        {
          "href": "mailto:hello@buildflow.com",
          "label": "Contact Us",
        },
        {
          "href": "#faq",
          "label": "Help Center",
        },
        {
          "href": "#",
          "label": "Status",
        },
      ],
      "title": "Support",
    },
  },
  "header": {
    "cta": "ðŸ”’ Reserve Your Spot â€” $10",
    "logo": "BuildFlowâ„¢",
    "nav": {
      "faq": "FAQ",
      "features": "Features",
      "howItWorks": "How it Works",
    },
  },
  "hero": {
    "cta": {
      "primary": "ðŸ”’ Reserve Your Spot â€” $10",
      "trustText": "Be the first to try BuildFlow. Lock in early access for just $10 â€” fully refundable. Spots are limited â€” we're only taking 25 early users for the beta.",
    },
    "headline": "Stop Chasing Subs. Start Building.",
    "subtitle": "BuildFlow automates scheduling and follow-ups with your subcontractors so you spend less time chasing and more time building. No sub app required â€” they just get simple text reminders.",
  },
  "howItWorks": {
    "cta": {
      "primary": "ðŸ”’ Reserve Your Spot â€” $10",
      "trustText": "Fully refundable. No strings attached.",
    },
    "headline": "Less Phone Time. More Build Time.",
    "steps": [
      {
        "description": "Set your project details and assign tasks and subs (primary + backup).",
        "number": "1",
        "title": "Create Your Project",
      },
      {
        "description": "Automatic SMS with job details. Subs reply "Y" or "N"â€”no apps needed.",
        "number": "2",
        "title": "BuildFlow Texts Your Subs",
      },
      {
        "description": "48h and 24h reminders. Switch to a backup sub with one tap if needed.",
        "number": "3",
        "title": "Smart Reminders & Backup",
      },
    ],
    "subtitle": "One app that keeps your subs on schedule â€” without more calls or texts.",
  },
  "meta": {
    "lang": "en",
    "title": "BuildFlow - Stop Chasing Subs. Start Building.",
  },
  "noteFromBuilder": {
    "content": [
      "I came from the job siteâ€”loading materials, sweeping floors, doing whatever needed to get done. Within six months, I was running multiple projects, trying to keep subs lined up and jobs moving. Between tracking confirmations, chasing no-shows, and explaining delays to clients, most days felt like managing chaos.",
      "That's when I thought: there had to be a better way.",
      "That's why I built BuildFlow. Not a bloated platform with a thousand tabsâ€”just a simple tool for people like you and me: managing multiple jobs, juggling trades, and keeping the day on track. BuildFlow helps you stay in control, keep subs aligned, and cut through the chaos.",
    ],
    "headline": "Built on the Job Site â€” By Someone Still in It",
    "signature": {
      "name": "â€” Dallas",
      "title": "Superintendent & Creator of BuildFlow",
    },
  },
  "problem": {
    "headline": "Scheduling subs shouldn't take 20 hours a week.",
    "items": [
      {
        "description": "15+ calls a day just to see who's showing up. "You still good for Tuesday?" shouldn't be your full-time job.",
        "title": "Your Phone Became the Job",
      },
      {
        "description": "Subs ghost you, delays cascade, and you're left explaining to clients why their project is behind schedule.",
        "title": "Missed Deadlines",
      },
      {
        "description": "Every hour spent texting is an hour lost on-site or finding new projects.",
        "title": "Lost Revenue",
      },
    ],
  },
  "projectsScreenshot": {
    "headline": "Multiple Jobs, Zero Chaos",
    "subtitle": "Whether you've got two projects or ten, BuildFlow helps you track them allâ€”clearly and simply.",
  },
  "textConversations": {
    "headline": "Real Conversations, Real Simple",
    "subtitle": "Turn no-shows into confirmed jobs with automated texts and reminders.",
  },
}
`;
